1787604420.840395 client started (31102): version 3.7c, socket /tmp/tmux-1000/default, protocol 8
1787604420.840439 on Linux 7.1.9-arch1-2 #1 SMP PREEMPT_DYNAMIC Fri, 21 Aug 2026 22:18:59 +0000
1787604420.840455 using libevent 2.1.13-stable poll
1787604420.840461 using ncurses 6.6 20251230
1787604420.840486 flags are 0x18010000
1787604420.840498 socket is /tmp/tmux-1000/default
1787604420.840515 trying connect
1787604420.840543 connect failed: Connection refused
1787604420.840556 lock file is /tmp/tmux-1000/default.lock
1787604420.840584 flock succeeded
1787604420.840590 got lock (17)
1787604420.840597 trying connect
1787604420.840607 connect failed: Connection refused
1787604420.840832 add peer 0x55ede10c6150: 18 ((nil))
1787604420.841445 sending message 111 to peer 0x55ede10c6150 (8 bytes)
1787604420.841468 sending message 111 to peer 0x55ede10c6150 (8 bytes)
1787604420.841476 sending message 101 to peer 0x55ede10c6150 (15 bytes)
1787604420.841482 sending message 109 to peer 0x55ede10c6150 (4 bytes)
1787604420.841488 sending message 102 to peer 0x55ede10c6150 (11 bytes)
1787604420.841493 sending message 108 to peer 0x55ede10c6150 (22 bytes)
1787604420.841499 sending message 112 to peer 0x55ede10c6150 (58 bytes)
1787604420.841505 sending message 112 to peer 0x55ede10c6150 (5 bytes)
1787604420.841511 sending message 112 to peer 0x55ede10c6150 (5 bytes)
1787604420.841517 sending message 112 to peer 0x55ede10c6150 (6 bytes)
1787604420.841522 sending message 112 to peer 0x55ede10c6150 (6 bytes)
1787604420.841528 sending message 112 to peer 0x55ede10c6150 (11 bytes)
1787604420.841534 sending message 112 to peer 0x55ede10c6150 (10 bytes)
1787604420.841540 sending message 112 to peer 0x55ede10c6150 (13 bytes)
1787604420.841546 sending message 112 to peer 0x55ede10c6150 (14 bytes)
1787604420.841551 sending message 112 to peer 0x55ede10c6150 (19 bytes)
1787604420.841557 sending message 112 to peer 0x55ede10c6150 (11 bytes)
1787604420.841564 sending message 112 to peer 0x55ede10c6150 (10 bytes)
1787604420.841570 sending message 112 to peer 0x55ede10c6150 (15 bytes)
1787604420.841576 sending message 112 to peer 0x55ede10c6150 (21 bytes)
1787604420.841583 sending message 112 to peer 0x55ede10c6150 (13 bytes)
1787604420.841589 sending message 112 to peer 0x55ede10c6150 (7 bytes)
1787604420.841596 sending message 112 to peer 0x55ede10c6150 (13 bytes)
1787604420.841602 sending message 112 to peer 0x55ede10c6150 (7 bytes)
1787604420.841609 sending message 112 to peer 0x55ede10c6150 (13 bytes)
1787604420.841615 sending message 112 to peer 0x55ede10c6150 (9 bytes)
1787604420.841621 sending message 112 to peer 0x55ede10c6150 (21 bytes)
1787604420.841627 sending message 112 to peer 0x55ede10c6150 (13 bytes)
1787604420.841633 sending message 112 to peer 0x55ede10c6150 (9 bytes)
1787604420.841638 sending message 112 to peer 0x55ede10c6150 (16 bytes)
1787604420.841645 sending message 112 to peer 0x55ede10c6150 (13 bytes)
1787604420.841651 sending message 112 to peer 0x55ede10c6150 (9 bytes)
1787604420.841656 sending message 112 to peer 0x55ede10c6150 (9 bytes)
1787604420.841663 sending message 112 to peer 0x55ede10c6150 (12 bytes)
1787604420.841669 sending message 112 to peer 0x55ede10c6150 (8 bytes)
1787604420.841674 sending message 112 to peer 0x55ede10c6150 (8 bytes)
1787604420.841680 sending message 112 to peer 0x55ede10c6150 (13 bytes)
1787604420.841686 sending message 112 to peer 0x55ede10c6150 (7 bytes)
1787604420.841692 sending message 112 to peer 0x55ede10c6150 (7 bytes)
1787604420.841698 sending message 112 to peer 0x55ede10c6150 (9 bytes)
1787604420.841704 sending message 112 to peer 0x55ede10c6150 (9 bytes)
1787604420.841710 sending message 112 to peer 0x55ede10c6150 (15 bytes)
1787604420.841715 sending message 112 to peer 0x55ede10c6150 (13 bytes)
1787604420.841721 sending message 112 to peer 0x55ede10c6150 (12 bytes)
1787604420.841727 sending message 112 to peer 0x55ede10c6150 (8 bytes)
1787604420.841733 sending message 112 to peer 0x55ede10c6150 (14 bytes)
1787604420.841739 sending message 112 to peer 0x55ede10c6150 (11 bytes)
1787604420.841744 sending message 112 to peer 0x55ede10c6150 (9 bytes)
1787604420.841758 sending message 112 to peer 0x55ede10c6150 (10 bytes)
1787604420.841772 sending message 112 to peer 0x55ede10c6150 (10 bytes)
1787604420.841784 sending message 112 to peer 0x55ede10c6150 (10 bytes)
1787604420.841790 sending message 112 to peer 0x55ede10c6150 (10 bytes)
1787604420.841797 sending message 112 to peer 0x55ede10c6150 (11 bytes)
1787604420.841803 sending message 112 to peer 0x55ede10c6150 (12 bytes)
1787604420.841810 sending message 112 to peer 0x55ede10c6150 (12 bytes)
1787604420.841816 sending message 112 to peer 0x55ede10c6150 (12 bytes)
1787604420.841824 sending message 112 to peer 0x55ede10c6150 (12 bytes)
1787604420.841831 sending message 112 to peer 0x55ede10c6150 (12 bytes)
1787604420.841839 sending message 112 to peer 0x55ede10c6150 (11 bytes)
1787604420.841846 sending message 112 to peer 0x55ede10c6150 (11 bytes)
1787604420.841852 sending message 112 to peer 0x55ede10c6150 (12 bytes)
1787604420.841858 sending message 112 to peer 0x55ede10c6150 (12 bytes)
1787604420.841865 sending message 112 to peer 0x55ede10c6150 (12 bytes)
1787604420.841872 sending message 112 to peer 0x55ede10c6150 (12 bytes)
1787604420.841880 sending message 112 to peer 0x55ede10c6150 (12 bytes)
1787604420.841886 sending message 112 to peer 0x55ede10c6150 (9 bytes)
1787604420.841894 sending message 112 to peer 0x55ede10c6150 (12 bytes)
1787604420.841900 sending message 112 to peer 0x55ede10c6150 (13 bytes)
1787604420.841907 sending message 112 to peer 0x55ede10c6150 (13 bytes)
1787604420.841913 sending message 112 to peer 0x55ede10c6150 (13 bytes)
1787604420.841920 sending message 112 to peer 0x55ede10c6150 (13 bytes)
1787604420.841927 sending message 112 to peer 0x55ede10c6150 (13 bytes)
1787604420.841935 sending message 112 to peer 0x55ede10c6150 (8 bytes)
1787604420.841942 sending message 112 to peer 0x55ede10c6150 (11 bytes)
1787604420.841949 sending message 112 to peer 0x55ede10c6150 (11 bytes)
1787604420.841956 sending message 112 to peer 0x55ede10c6150 (11 bytes)
1787604420.841963 sending message 112 to peer 0x55ede10c6150 (12 bytes)
1787604420.841969 sending message 112 to peer 0x55ede10c6150 (12 bytes)
1787604420.841978 sending message 112 to peer 0x55ede10c6150 (12 bytes)
1787604420.841984 sending message 112 to peer 0x55ede10c6150 (12 bytes)
1787604420.841990 sending message 112 to peer 0x55ede10c6150 (13 bytes)
1787604420.841996 sending message 112 to peer 0x55ede10c6150 (13 bytes)
1787604420.842003 sending message 112 to peer 0x55ede10c6150 (13 bytes)
1787604420.842010 sending message 112 to peer 0x55ede10c6150 (8 bytes)
1787604420.842016 sending message 112 to peer 0x55ede10c6150 (13 bytes)
1787604420.842024 sending message 112 to peer 0x55ede10c6150 (13 bytes)
1787604420.842031 sending message 112 to peer 0x55ede10c6150 (13 bytes)
1787604420.842038 sending message 112 to peer 0x55ede10c6150 (13 bytes)
1787604420.842046 sending message 112 to peer 0x55ede10c6150 (13 bytes)
1787604420.842053 sending message 112 to peer 0x55ede10c6150 (12 bytes)
1787604420.842060 sending message 112 to peer 0x55ede10c6150 (12 bytes)
1787604420.842067 sending message 112 to peer 0x55ede10c6150 (12 bytes)
1787604420.842074 sending message 112 to peer 0x55ede10c6150 (12 bytes)
1787604420.842082 sending message 112 to peer 0x55ede10c6150 (13 bytes)
1787604420.842088 sending message 112 to peer 0x55ede10c6150 (8 bytes)
1787604420.842095 sending message 112 to peer 0x55ede10c6150 (13 bytes)
1787604420.842102 sending message 112 to peer 0x55ede10c6150 (13 bytes)
1787604420.842108 sending message 112 to peer 0x55ede10c6150 (13 bytes)
1787604420.842116 sending message 112 to peer 0x55ede10c6150 (13 bytes)
1787604420.842124 sending message 112 to peer 0x55ede10c6150 (13 bytes)
1787604420.842130 sending message 112 to peer 0x55ede10c6150 (13 bytes)
1787604420.842138 sending message 112 to peer 0x55ede10c6150 (13 bytes)
1787604420.842144 sending message 112 to peer 0x55ede10c6150 (12 bytes)
1787604420.842150 sending message 112 to peer 0x55ede10c6150 (12 bytes)
1787604420.842162 sending message 112 to peer 0x55ede10c6150 (12 bytes)
1787604420.842173 sending message 112 to peer 0x55ede10c6150 (8 bytes)
1787604420.842180 sending message 112 to peer 0x55ede10c6150 (12 bytes)
1787604420.842187 sending message 112 to peer 0x55ede10c6150 (13 bytes)
1787604420.842193 sending message 112 to peer 0x55ede10c6150 (13 bytes)
1787604420.842200 sending message 112 to peer 0x55ede10c6150 (13 bytes)
1787604420.842206 sending message 112 to peer 0x55ede10c6150 (13 bytes)
1787604420.842213 sending message 112 to peer 0x55ede10c6150 (13 bytes)
1787604420.842220 sending message 112 to peer 0x55ede10c6150 (13 bytes)
1787604420.842228 sending message 112 to peer 0x55ede10c6150 (13 bytes)
1787604420.842235 sending message 112 to peer 0x55ede10c6150 (13 bytes)
1787604420.842242 sending message 112 to peer 0x55ede10c6150 (12 bytes)
1787604420.842248 sending message 112 to peer 0x55ede10c6150 (10 bytes)
1787604420.842255 sending message 112 to peer 0x55ede10c6150 (12 bytes)
1787604420.842262 sending message 112 to peer 0x55ede10c6150 (12 bytes)
1787604420.842268 sending message 112 to peer 0x55ede10c6150 (12 bytes)
1787604420.842275 sending message 112 to peer 0x55ede10c6150 (13 bytes)
1787604420.842282 sending message 112 to peer 0x55ede10c6150 (13 bytes)
1787604420.842289 sending message 112 to peer 0x55ede10c6150 (13 bytes)
1787604420.842295 sending message 112 to peer 0x55ede10c6150 (13 bytes)
1787604420.842302 sending message 112 to peer 0x55ede10c6150 (13 bytes)
1787604420.842309 sending message 112 to peer 0x55ede10c6150 (13 bytes)
1787604420.842316 sending message 112 to peer 0x55ede10c6150 (13 bytes)
1787604420.842323 sending message 112 to peer 0x55ede10c6150 (10 bytes)
1787604420.842330 sending message 112 to peer 0x55ede10c6150 (13 bytes)
1787604420.842343 sending message 112 to peer 0x55ede10c6150 (12 bytes)
1787604420.842349 sending message 112 to peer 0x55ede10c6150 (12 bytes)
1787604420.842357 sending message 112 to peer 0x55ede10c6150 (12 bytes)
1787604420.842363 sending message 112 to peer 0x55ede10c6150 (10 bytes)
1787604420.842369 sending message 112 to peer 0x55ede10c6150 (10 bytes)
1787604420.842375 sending message 112 to peer 0x55ede10c6150 (10 bytes)
1787604420.842381 sending message 112 to peer 0x55ede10c6150 (12 bytes)
1787604420.842388 sending message 112 to peer 0x55ede10c6150 (13 bytes)
1787604420.842395 sending message 112 to peer 0x55ede10c6150 (13 bytes)
1787604420.842403 sending message 112 to peer 0x55ede10c6150 (13 bytes)
1787604420.842409 sending message 112 to peer 0x55ede10c6150 (13 bytes)
1787604420.842417 sending message 112 to peer 0x55ede10c6150 (13 bytes)
1787604420.842424 sending message 112 to peer 0x55ede10c6150 (10 bytes)
1787604420.842430 sending message 112 to peer 0x55ede10c6150 (11 bytes)
1787604420.842437 sending message 112 to peer 0x55ede10c6150 (12 bytes)
1787604420.842444 sending message 112 to peer 0x55ede10c6150 (12 bytes)
1787604420.842450 sending message 112 to peer 0x55ede10c6150 (12 bytes)
1787604420.842457 sending message 112 to peer 0x55ede10c6150 (12 bytes)
1787604420.842464 sending message 112 to peer 0x55ede10c6150 (12 bytes)
1787604420.842470 sending message 112 to peer 0x55ede10c6150 (11 bytes)
1787604420.842477 sending message 112 to peer 0x55ede10c6150 (12 bytes)
1787604420.842484 sending message 112 to peer 0x55ede10c6150 (12 bytes)
1787604420.842490 sending message 112 to peer 0x55ede10c6150 (13 bytes)
1787604420.842497 sending message 112 to peer 0x55ede10c6150 (13 bytes)
1787604420.842503 sending message 112 to peer 0x55ede10c6150 (13 bytes)
1787604420.842510 sending message 112 to peer 0x55ede10c6150 (13 bytes)
1787604420.842518 sending message 112 to peer 0x55ede10c6150 (13 bytes)
1787604420.842525 sending message 112 to peer 0x55ede10c6150 (10 bytes)
1787604420.842532 sending message 112 to peer 0x55ede10c6150 (9 bytes)
1787604420.842538 sending message 112 to peer 0x55ede10c6150 (12 bytes)
1787604420.842545 sending message 112 to peer 0x55ede10c6150 (13 bytes)
1787604420.842551 sending message 112 to peer 0x55ede10c6150 (13 bytes)
1787604420.842562 sending message 112 to peer 0x55ede10c6150 (13 bytes)
1787604420.842571 sending message 112 to peer 0x55ede10c6150 (13 bytes)
1787604420.842577 sending message 112 to peer 0x55ede10c6150 (13 bytes)
1787604420.842583 sending message 112 to peer 0x55ede10c6150 (9 bytes)
1787604420.842590 sending message 112 to peer 0x55ede10c6150 (12 bytes)
1787604420.842597 sending message 112 to peer 0x55ede10c6150 (13 bytes)
1787604420.842604 sending message 112 to peer 0x55ede10c6150 (13 bytes)
1787604420.842611 sending message 112 to peer 0x55ede10c6150 (13 bytes)
1787604420.842618 sending message 112 to peer 0x55ede10c6150 (13 bytes)
1787604420.842625 sending message 112 to peer 0x55ede10c6150 (13 bytes)
1787604420.842632 sending message 112 to peer 0x55ede10c6150 (11 bytes)
1787604420.842640 sending message 112 to peer 0x55ede10c6150 (12 bytes)
1787604420.842647 sending message 112 to peer 0x55ede10c6150 (13 bytes)
1787604420.842654 sending message 112 to peer 0x55ede10c6150 (13 bytes)
1787604420.842661 sending message 112 to peer 0x55ede10c6150 (13 bytes)
1787604420.842668 sending message 112 to peer 0x55ede10c6150 (13 bytes)
1787604420.842674 sending message 112 to peer 0x55ede10c6150 (13 bytes)
1787604420.842680 sending message 112 to peer 0x55ede10c6150 (11 bytes)
1787604420.842686 sending message 112 to peer 0x55ede10c6150 (12 bytes)
1787604420.842692 sending message 112 to peer 0x55ede10c6150 (12 bytes)
1787604420.842698 sending message 112 to peer 0x55ede10c6150 (12 bytes)
1787604420.842704 sending message 112 to peer 0x55ede10c6150 (12 bytes)
1787604420.842710 sending message 112 to peer 0x55ede10c6150 (12 bytes)
1787604420.842716 sending message 112 to peer 0x55ede10c6150 (21 bytes)
1787604420.842722 sending message 112 to peer 0x55ede10c6150 (12 bytes)
1787604420.842729 sending message 112 to peer 0x55ede10c6150 (9 bytes)
1787604420.842735 sending message 112 to peer 0x55ede10c6150 (6 bytes)
1787604420.842742 sending message 112 to peer 0x55ede10c6150 (13 bytes)
1787604420.842750 sending message 112 to peer 0x55ede10c6150 (10 bytes)
1787604420.842757 sending message 112 to peer 0x55ede10c6150 (24 bytes)
1787604420.842763 sending message 112 to peer 0x55ede10c6150 (13 bytes)
1787604420.842770 sending message 112 to peer 0x55ede10c6150 (9 bytes)
1787604420.842777 sending message 112 to peer 0x55ede10c6150 (70 bytes)
1787604420.842784 sending message 112 to peer 0x55ede10c6150 (69 bytes)
1787604420.842792 sending message 112 to peer 0x55ede10c6150 (12 bytes)
1787604420.842799 sending message 112 to peer 0x55ede10c6150 (10 bytes)
1787604420.842806 sending message 112 to peer 0x55ede10c6150 (10 bytes)
1787604420.842813 sending message 112 to peer 0x55ede10c6150 (24 bytes)
1787604420.842820 sending message 112 to peer 0x55ede10c6150 (13 bytes)
1787604420.842828 sending message 112 to peer 0x55ede10c6150 (10 bytes)
1787604420.842835 sending message 112 to peer 0x55ede10c6150 (10 bytes)
1787604420.842842 sending message 112 to peer 0x55ede10c6150 (10 bytes)
1787604420.842848 sending message 112 to peer 0x55ede10c6150 (13 bytes)
1787604420.842855 sending message 112 to peer 0x55ede10c6150 (15 bytes)
1787604420.842861 sending message 112 to peer 0x55ede10c6150 (5 bytes)
1787604420.842869 sending message 104 to peer 0x55ede10c6150 (0 bytes)
1787604420.842876 sending message 110 to peer 0x55ede10c6150 (0 bytes)
1787604420.842884 sending message 107 to peer 0x55ede10c6150 (4 bytes)
1787604420.842890 sending message 105 to peer 0x55ede10c6150 (20 bytes)
1787604420.842896 sending message 105 to peer 0x55ede10c6150 (24 bytes)
1787604420.842904 sending message 105 to peer 0x55ede10c6150 (20 bytes)
1787604420.842910 sending message 105 to peer 0x55ede10c6150 (38 bytes)
1787604420.842918 sending message 105 to peer 0x55ede10c6150 (61 bytes)
1787604420.842925 sending message 105 to peer 0x55ede10c6150 (20 bytes)
1787604420.842931 sending message 105 to peer 0x55ede10c6150 (46 bytes)
1787604420.842938 sending message 105 to peer 0x55ede10c6150 (51 bytes)
1787604420.842945 sending message 105 to peer 0x55ede10c6150 (64 bytes)
1787604420.842956 sending message 105 to peer 0x55ede10c6150 (16 bytes)
1787604420.842965 sending message 105 to peer 0x55ede10c6150 (19 bytes)
1787604420.842973 sending message 105 to peer 0x55ede10c6150 (12 bytes)
1787604420.842980 sending message 105 to peer 0x55ede10c6150 (15 bytes)
1787604420.842986 sending message 105 to peer 0x55ede10c6150 (26 bytes)
1787604420.842994 sending message 105 to peer 0x55ede10c6150 (29 bytes)
1787604420.843000 sending message 105 to peer 0x55ede10c6150 (14 bytes)
1787604420.843007 sending message 105 to peer 0x55ede10c6150 (25 bytes)
1787604420.843014 sending message 105 to peer 0x55ede10c6150 (21 bytes)
1787604420.843022 sending message 105 to peer 0x55ede10c6150 (15 bytes)
1787604420.843029 sending message 105 to peer 0x55ede10c6150 (17 bytes)
1787604420.843035 sending message 105 to peer 0x55ede10c6150 (13 bytes)
1787604420.843042 sending message 105 to peer 0x55ede10c6150 (30 bytes)
1787604420.843049 sending message 105 to peer 0x55ede10c6150 (29 bytes)
1787604420.843055 sending message 105 to peer 0x55ede10c6150 (98 bytes)
1787604420.843062 sending message 105 to peer 0x55ede10c6150 (20 bytes)
1787604420.843069 sending message 105 to peer 0x55ede10c6150 (26 bytes)
1787604420.843076 sending message 105 to peer 0x55ede10c6150 (47 bytes)
1787604420.843083 sending message 105 to peer 0x55ede10c6150 (38 bytes)
1787604420.843089 sending message 105 to peer 0x55ede10c6150 (63 bytes)
1787604420.843096 sending message 105 to peer 0x55ede10c6150 (25 bytes)
1787604420.843102 sending message 105 to peer 0x55ede10c6150 (23 bytes)
1787604420.843109 sending message 105 to peer 0x55ede10c6150 (25 bytes)
1787604420.843115 sending message 105 to peer 0x55ede10c6150 (20 bytes)
1787604420.843122 sending message 105 to peer 0x55ede10c6150 (11 bytes)
1787604420.843128 sending message 105 to peer 0x55ede10c6150 (90 bytes)
1787604420.843135 sending message 105 to peer 0x55ede10c6150 (11 bytes)
1787604420.843142 sending message 105 to peer 0x55ede10c6150 (8 bytes)
1787604420.843149 sending message 105 to peer 0x55ede10c6150 (14 bytes)
1787604420.843155 sending message 105 to peer 0x55ede10c6150 (21 bytes)
1787604420.843162 sending message 105 to peer 0x55ede10c6150 (11 bytes)
1787604420.843168 sending message 105 to peer 0x55ede10c6150 (18 bytes)
1787604420.843175 sending message 105 to peer 0x55ede10c6150 (31 bytes)
1787604420.843182 sending message 105 to peer 0x55ede10c6150 (50 bytes)
1787604420.843190 sending message 105 to peer 0x55ede10c6150 (227 bytes)
1787604420.843197 sending message 105 to peer 0x55ede10c6150 (39 bytes)
1787604420.843203 sending message 105 to peer 0x55ede10c6150 (54 bytes)
1787604420.843209 sending message 105 to peer 0x55ede10c6150 (52 bytes)
1787604420.843215 sending message 105 to peer 0x55ede10c6150 (27 bytes)
1787604420.843221 sending message 105 to peer 0x55ede10c6150 (35 bytes)
1787604420.843227 sending message 105 to peer 0x55ede10c6150 (19 bytes)
1787604420.843232 sending message 105 to peer 0x55ede10c6150 (51 bytes)
1787604420.843238 sending message 105 to peer 0x55ede10c6150 (17 bytes)
1787604420.843244 sending message 106 to peer 0x55ede10c6150 (0 bytes)
1787604420.843334 sending message 200 to peer 0x55ede10c6150 (4 bytes)
1787604420.843336 client loop enter
1787604420.843346 client_signal: Child exited
1787604420.927422 peer 0x55ede10c6150 message 207
1787604420.927441 sending message 208 to peer 0x55ede10c6150 (0 bytes)
1787604420.950187 peer 0x55ede10c6150 message 203
1787604420.950196 sending message 205 to peer 0x55ede10c6150 (0 bytes)
1787604420.950334 peer 0x55ede10c6150 message 204
1787604420.950349 client loop exit
